Winter2018
Winter2019
Winter2020
Winter2021
Winter2022
Winter2023
Winter2018!
Winter2019!
Winter2020!
Winter2021!
Winter2022!
Winter2023!
Winter2018?
Winter2019?
Winter2020?
Winter2021?
Winter2022?
Winter2023?
Winter2018#
Winter2019#
Winter2020#
Winter2021#
Winter2022#
Winter2023#
Winter2018@
Winter2019@
Winter2020@
Winter2021@
Winter2022@
Winter2023@
Winter2018$
Winter2019$
Winter2020$
Winter2021$
Winter2022$
Winter2023$
Winter2018&
Winter2019&
Winter2020&
Winter2021&
Winter2022&
Winter2023&
Winter2018*
Winter2019*
Winter2020*
Winter2021*
Winter2022*
Winter2023*
Winter2018^
Winter2019^
Winter2020^
Winter2021^
Winter2022^
Winter2023^
Spring2018
Spring2019
Spring2020
Spring2021
Spring2022
Spring2023
Spring2018!
Spring2019!
Spring2020!
Spring2021!
Spring2022!
Spring2023!
Spring2018?
Spring2019?
Spring2020?
Spring2021?
Spring2022?
Spring2023?
Spring2018#
Spring2019#
Spring2020#
Spring2021#
Spring2022#
Spring2023#
Spring2018@
Spring2019@
Spring2020@
Spring2021@
Spring2022@
Spring2023@
Spring2018$
Spring2019$
Spring2020$
Spring2021$
Spring2022$
Spring2023$
Spring2018&
Spring2019&
Spring2020&
Spring2021&
Spring2022&
Spring2023&
Spring2018*
Spring2019*
Spring2020*
Spring2021*
Spring2022*
Spring2023*
Spring2018^
Spring2019^
Spring2020^
Spring2021^
Spring2022^
Spring2023^
Summer2018
Summer2019
Summer2020
Summer2021
Summer2022
Summer2023
Summer2018!
Summer2019!
Summer2020!
Summer2021!
Summer2022!
Summer2023!
Summer2018?
Summer2019?
Summer2020?
Summer2021?
Summer2022?
Summer2023?
Summer2018#
Summer2019#
Summer2020#
Summer2021#
Summer2022#
Summer2023#
Summer2018@
Summer2019@
Summer2020@
Summer2021@
Summer2022@
Summer2023@
Summer2018$
Summer2019$
Summer2020$
Summer2021$
Summer2022$
Summer2023$
Summer2018&
Summer2019&
Summer2020&
Summer2021&
Summer2022&
Summer2023&
Summer2018*
Summer2019*
Summer2020*
Summer2021*
Summer2022*
Summer2023*
Summer2018^
Summer2019^
Summer2020^
Summer2021^
Summer2022^
Summer2023^
Fall2018
Fall2019
Fall2020
Fall2021
Fall2022
Fall2023
Fall2018!
Fall2019!
Fall2020!
Fall2021!
Fall2022!
Fall2023!
Fall2018?
Fall2019?
Fall2020?
Fall2021?
Fall2022?
Fall2023?
Fall2018#
Fall2019#
Fall2020#
Fall2021#
Fall2022#
Fall2023#
Fall2018@
Fall2019@
Fall2020@
Fall2021@
Fall2022@
Fall2023@
Fall2018$
Fall2019$
Fall2020$
Fall2021$
Fall2022$
Fall2023$
Fall2018&
Fall2019&
Fall2020&
Fall2021&
Fall2022&
Fall2023&
Fall2018*
Fall2019*
Fall2020*
Fall2021*
Fall2022*
Fall2023*
Fall2018^
Fall2019^
Fall2020^
Fall2021^
Fall2022^
Fall2023^
Winter18
Winter19
Winter20
Winter21
Winter22
Winter23
Winter18!
Winter19!
Winter20!
Winter21!
Winter22!
Winter23!
Winter18?
Winter19?
Winter20?
Winter21?
Winter22?
Winter23?
Winter18#
Winter19#
Winter20#
Winter21#
Winter22#
Winter23#
Winter18@
Winter19@
Winter20@
Winter21@
Winter22@
Winter23@
Winter18$
Winter19$
Winter20$
Winter21$
Winter22$
Winter23$
Winter18&
Winter19&
Winter20&
Winter21&
Winter22&
Winter23&
Winter18*
Winter19*
Winter20*
Winter21*
Winter22*
Winter23*
Winter18^
Winter19^
Winter20^
Winter21^
Winter22^
Winter23^
Spring18
Spring19
Spring20
Spring21
Spring22
Spring23
Spring18!
Spring19!
Spring20!
Spring21!
Spring22!
Spring23!
Spring18?
Spring19?
Spring20?
Spring21?
Spring22?
Spring23?
Spring18#
Spring19#
Spring20#
Spring21#
Spring22#
Spring23#
Spring18@
Spring19@
Spring20@
Spring21@
Spring22@
Spring23@
Spring18$
Spring19$
Spring20$
Spring21$
Spring22$
Spring23$
Spring18&
Spring19&
Spring20&
Spring21&
Spring22&
Spring23&
Spring18*
Spring19*
Spring20*
Spring21*
Spring22*
Spring23*
Spring18^
Spring19^
Spring20^
Spring21^
Spring22^
Spring23^
Summer18
Summer19
Summer20
Summer21
Summer22
Summer23
Summer18!
Summer19!
Summer20!
Summer21!
Summer22!
Summer23!
Summer18?
Summer19?
Summer20?
Summer21?
Summer22?
Summer23?
Summer18#
Summer19#
Summer20#
Summer21#
Summer22#
Summer23#
Summer18@
Summer19@
Summer20@
Summer21@
Summer22@
Summer23@
Summer18$
Summer19$
Summer20$
Summer21$
Summer22$
Summer23$
Summer18&
Summer19&
Summer20&
Summer21&
Summer22&
Summer23&
Summer18*
Summer19*
Summer20*
Summer21*
Summer22*
Summer23*
Summer18^
Summer19^
Summer20^
Summer21^
Summer22^
Summer23^
Fall18
Fall19
Fall20
Fall21
Fall22
Fall23
Fall18!
Fall19!
Fall20!
Fall21!
Fall22!
Fall23!
Fall18?
Fall19?
Fall20?
Fall21?
Fall22?
Fall23?
Fall18#
Fall19#
Fall20#
Fall21#
Fall22#
Fall23#
Fall18@
Fall19@
Fall20@
Fall21@
Fall22@
Fall23@
Fall18$
Fall19$
Fall20$
Fall21$
Fall22$
Fall23$
Fall18&
Fall19&
Fall20&
Fall21&
Fall22&
Fall23&
Fall18*
Fall19*
Fall20*
Fall21*
Fall22*
Fall23*
Fall18^
Fall19^
Fall20^
Fall21^
Fall22^
Fall23^
<COMPANY>2018
<COMPANY>2019
<COMPANY>2020
<COMPANY>2021
<COMPANY>2022
<COMPANY>2023
<COMPANY>2018!
<COMPANY>2019!
<COMPANY>2020!
<COMPANY>2021!
<COMPANY>2022!
<COMPANY>2023!
<COMPANY>2018?
<COMPANY>2019?
<COMPANY>2020?
<COMPANY>2021?
<COMPANY>2022?
<COMPANY>2023?
<COMPANY>2018#
<COMPANY>2019#
<COMPANY>2020#
<COMPANY>2021#
<COMPANY>2022#
<COMPANY>2023#
<COMPANY>2018@
<COMPANY>2019@
<COMPANY>2020@
<COMPANY>2021@
<COMPANY>2022@
<COMPANY>2023@
<COMPANY>2018$
<COMPANY>2019$
<COMPANY>2020$
<COMPANY>2021$
<COMPANY>2022$
<COMPANY>2023$
<COMPANY>2018&
<COMPANY>2019&
<COMPANY>2020&
<COMPANY>2021&
<COMPANY>2022&
<COMPANY>2023&
<COMPANY>2018*
<COMPANY>2019*
<COMPANY>2020*
<COMPANY>2021*
<COMPANY>2022*
<COMPANY>2023*
<COMPANY>2018^
<COMPANY>2019^
<COMPANY>2020^
<COMPANY>2021^
<COMPANY>2022^
<COMPANY>2023^
<COMPANY>18
<COMPANY>19
<COMPANY>20
<COMPANY>21
<COMPANY>22
<COMPANY>23
<COMPANY>18!
<COMPANY>19!
<COMPANY>20!
<COMPANY>21!
<COMPANY>22!
<COMPANY>23!
<COMPANY>18?
<COMPANY>19?
<COMPANY>20?
<COMPANY>21?
<COMPANY>22?
<COMPANY>23?
<COMPANY>18#
<COMPANY>19#
<COMPANY>20#
<COMPANY>21#
<COMPANY>22#
<COMPANY>23#
<COMPANY>18@
<COMPANY>19@
<COMPANY>20@
<COMPANY>21@
<COMPANY>22@
<COMPANY>23@
<COMPANY>18$
<COMPANY>19$
<COMPANY>20$
<COMPANY>21$
<COMPANY>22$
<COMPANY>23$
<COMPANY>18&
<COMPANY>19&
<COMPANY>20&
<COMPANY>21&
<COMPANY>22&
<COMPANY>23&
<COMPANY>18*
<COMPANY>19*
<COMPANY>20*
<COMPANY>21*
<COMPANY>22*
<COMPANY>23*
<COMPANY>18^
<COMPANY>19^
<COMPANY>20^
<COMPANY>21^
<COMPANY>22^
<COMPANY>23^
<COMPANY>123!
<COMPANY>123@
<COMPANY>123#
<COMPANY>123$
<COMPANY>123%
<COMPANY>123^
<COMPANY>123&
<COMPANY>123*
<COMPANY>321!
<COMPANY>321@
<COMPANY>321#
<COMPANY>321$
<COMPANY>321%
<COMPANY>321^
<COMPANY>321&
<COMPANY>321*
<DEPARTMENT>2018
<DEPARTMENT>2019
<DEPARTMENT>2020
<DEPARTMENT>2021
<DEPARTMENT>2022
<DEPARTMENT>2023
<DEPARTMENT>2018!
<DEPARTMENT>2019!
<DEPARTMENT>2020!
<DEPARTMENT>2021!
<DEPARTMENT>2022!
<DEPARTMENT>2023!
<DEPARTMENT>2018?
<DEPARTMENT>2019?
<DEPARTMENT>2020?
<DEPARTMENT>2021?
<DEPARTMENT>2022?
<DEPARTMENT>2023?
<DEPARTMENT>2018#
<DEPARTMENT>2019#
<DEPARTMENT>2020#
<DEPARTMENT>2021#
<DEPARTMENT>2022#
<DEPARTMENT>2023#
<DEPARTMENT>2018@
<DEPARTMENT>2019@
<DEPARTMENT>2020@
<DEPARTMENT>2021@
<DEPARTMENT>2022@
<DEPARTMENT>2023@
<DEPARTMENT>2018$
<DEPARTMENT>2019$
<DEPARTMENT>2020$
<DEPARTMENT>2021$
<DEPARTMENT>2022$
<DEPARTMENT>2023$
<DEPARTMENT>2018&
<DEPARTMENT>2019&
<DEPARTMENT>2020&
<DEPARTMENT>2021&
<DEPARTMENT>2022&
<DEPARTMENT>2023&
<DEPARTMENT>2018*
<DEPARTMENT>2019*
<DEPARTMENT>2020*
<DEPARTMENT>2021*
<DEPARTMENT>2022*
<DEPARTMENT>2023*
<DEPARTMENT>2018^
<DEPARTMENT>2019^
<DEPARTMENT>2020^
<DEPARTMENT>2021^
<DEPARTMENT>2022^
<DEPARTMENT>2023^
<DEPARTMENT>18
<DEPARTMENT>19
<DEPARTMENT>20
<DEPARTMENT>21
<DEPARTMENT>22
<DEPARTMENT>23
<DEPARTMENT>18!
<DEPARTMENT>19!
<DEPARTMENT>20!
<DEPARTMENT>21!
<DEPARTMENT>22!
<DEPARTMENT>23!
<DEPARTMENT>18?
<DEPARTMENT>19?
<DEPARTMENT>20?
<DEPARTMENT>21?
<DEPARTMENT>22?
<DEPARTMENT>23?
<DEPARTMENT>18#
<DEPARTMENT>19#
<DEPARTMENT>20#
<DEPARTMENT>21#
<DEPARTMENT>22#
<DEPARTMENT>23#
<DEPARTMENT>18@
<DEPARTMENT>19@
<DEPARTMENT>20@
<DEPARTMENT>21@
<DEPARTMENT>22@
<DEPARTMENT>23@
<DEPARTMENT>18$
<DEPARTMENT>19$
<DEPARTMENT>20$
<DEPARTMENT>21$
<DEPARTMENT>22$
<DEPARTMENT>23$
<DEPARTMENT>18&
<DEPARTMENT>19&
<DEPARTMENT>20&
<DEPARTMENT>21&
<DEPARTMENT>22&
<DEPARTMENT>23&
<DEPARTMENT>18*
<DEPARTMENT>19*
<DEPARTMENT>20*
<DEPARTMENT>21*
<DEPARTMENT>22*
<DEPARTMENT>23*
<DEPARTMENT>18^
<DEPARTMENT>19^
<DEPARTMENT>20^
<DEPARTMENT>21^
<DEPARTMENT>22^
<DEPARTMENT>23^
<DEPARTMENT>123!
<DEPARTMENT>123@
<DEPARTMENT>123#
<DEPARTMENT>123$
<DEPARTMENT>123%
<DEPARTMENT>123^
<DEPARTMENT>123&
<DEPARTMENT>123*
<DEPARTMENT>321!
<DEPARTMENT>321@
<DEPARTMENT>321#
<DEPARTMENT>321$
<DEPARTMENT>321%
<DEPARTMENT>321^
<DEPARTMENT>321&
<DEPARTMENT>321*
Password2018
Password2019
Password2020
Password2021
Password2022
Password2023
Password2018!
Password2019!
Password2020!
Password2021!
Password2022!
Password2023!
Password2018?
Password2019?
Password2020?
Password2021?
Password2022?
Password2023?
Password2018#
Password2019#
Password2020#
Password2021#
Password2022#
Password2023#
Password2018@
Password2019@
Password2020@
Password2021@
Password2022@
Password2023@
Password2018$
Password2019$
Password2020$
Password2021$
Password2022$
Password2023$
Password2018&
Password2019&
Password2020&
Password2021&
Password2022&
Password2023&
Password2018*
Password2019*
Password2020*
Password2021*
Password2022*
Password2023*
Password2018^
Password2019^
Password2020^
Password2021^
Password2022^
Password2023^
Password18
Password19
Password20
Password21
Password22
Password23
Password18!
Password19!
Password20!
Password21!
Password22!
Password23!
Password18?
Password19?
Password20?
Password21?
Password22?
Password23?
Password18#
Password19#
Password20#
Password21#
Password22#
Password23#
Password18@
Password19@
Password20@
Password21@
Password22@
Password23@
Password18$
Password19$
Password20$
Password21$
Password22$
Password23$
Password18&
Password19&
Password20&
Password21&
Password22&
Password23&
Password18*
Password19*
Password20*
Password21*
Password22*
Password23*
Password18^
Password19^
Password20^
Password21^
Password22^
Password23^
Password1
Password1!
Password1@
Password1#
Password1$
Password1%
Password1^
Password1&
Password1*
Password2
Password2!
Password2@
Password2#
Password2$
Password2%
Password2^
Password2&
Password2*
Password3
Password3!
Password3@
Password3#
Password3$
Password3%
Password3^
Password3&
Password3*
Password4
Password4!
Password4@
Password4#
Password4$
Password4%
Password4^
Password4&
Password4*
Password5
Password5!
Password5@
Password5#
Password5$
Password5%
Password5^
Password5&
Password5*
Password6
Password6!
Password6@
Password6#
Password6$
Password6%
Password6^
Password6&
Password6*
Password7
Password7!
Password7@
Password7#
Password7$
Password7%
Password7^
Password7&
Password7*
Password8
Password8!
Password8@
Password8#
Password8$
Password8%
Password8^
Password8&
Password8*
Password9
Password9!
Password9@
Password9#
Password9$
Password9%
Password9^
Password9&
Password9*
Password0
Password0!
Password0@
Password0#
Password0$
Password0%
Password0^
Password0&
Password0*
Password123
Password123!
Password123@
Password123#
Password123$
Password123%
Password123^
Password123&
Password123*
Password321
Password321!
Password321@
Password321#
Password321$
Password321%
Password321^
Password321&
Password321*
Welcome2018
Welcome2019
Welcome2020
Welcome2021
Welcome2022
Welcome2023
Welcome2018!
Welcome2019!
Welcome2020!
Welcome2021!
Welcome2022!
Welcome2023!
Welcome2018?
Welcome2019?
Welcome2020?
Welcome2021?
Welcome2022?
Welcome2023?
Welcome2018#
Welcome2019#
Welcome2020#
Welcome2021#
Welcome2022#
Welcome2023#
Welcome2018@
Welcome2019@
Welcome2020@
Welcome2021@
Welcome2022@
Welcome2023@
Welcome2018$
Welcome2019$
Welcome2020$
Welcome2021$
Welcome2022$
Welcome2023$
Welcome2018&
Welcome2019&
Welcome2020&
Welcome2021&
Welcome2022&
Welcome2023&
Welcome2018*
Welcome2019*
Welcome2020*
Welcome2021*
Welcome2022*
Welcome2023*
Welcome2018^
Welcome2019^
Welcome2020^
Welcome2021^
Welcome2022^
Welcome2023^
Welcome18
Welcome19
Welcome20
Welcome21
Welcome22
Welcome23
Welcome18!
Welcome19!
Welcome20!
Welcome21!
Welcome22!
Welcome23!
Welcome18?
Welcome19?
Welcome20?
Welcome21?
Welcome22?
Welcome23?
Welcome18#
Welcome19#
Welcome20#
Welcome21#
Welcome22#
Welcome23#
Welcome18@
Welcome19@
Welcome20@
Welcome21@
Welcome22@
Welcome23@
Welcome18$
Welcome19$
Welcome20$
Welcome21$
Welcome22$
Welcome23$
Welcome18&
Welcome19&
Welcome20&
Welcome21&
Welcome22&
Welcome23&
Welcome18*
Welcome19*
Welcome20*
Welcome21*
Welcome22*
Welcome23*
Welcome18^
Welcome19^
Welcome20^
Welcome21^
Welcome22^
Welcome23^
Welcome1
Welcome1!
Welcome1@
Welcome1#
Welcome1$
Welcome1%
Welcome1^
Welcome1&
Welcome1*
Welcome2
Welcome2!
Welcome2@
Welcome2#
Welcome2$
Welcome2%
Welcome2^
Welcome2&
Welcome2*
Welcome3
Welcome3!
Welcome3@
Welcome3#
Welcome3$
Welcome3%
Welcome3^
Welcome3&
Welcome3*
Welcome4
Welcome4!
Welcome4@
Welcome4#
Welcome4$
Welcome4%
Welcome4^
Welcome4&
Welcome4*
Welcome5
Welcome5!
Welcome5@
Welcome5#
Welcome5$
Welcome5%
Welcome5^
Welcome5&
Welcome5*
Welcome6
Welcome6!
Welcome6@
Welcome6#
Welcome6$
Welcome6%
Welcome6^
Welcome6&
Welcome6*
Welcome7
Welcome7!
Welcome7@
Welcome7#
Welcome7$
Welcome7%
Welcome7^
Welcome7&
Welcome7*
Welcome8
Welcome8!
Welcome8@
Welcome8#
Welcome8$
Welcome8%
Welcome8^
Welcome8&
Welcome8*
Welcome9
Welcome9!
Welcome9@
Welcome9#
Welcome9$
Welcome9%
Welcome9^
Welcome9&
Welcome9*
Welcome0
Welcome0!
Welcome0@
Welcome0#
Welcome0$
Welcome0%
Welcome0^
Welcome0&
Welcome0*
Welcome123
Welcome123!
Welcome123@
Welcome123#
Welcome123$
Welcome123%
Welcome123^
Welcome123&
Welcome123*
Welcome321
Welcome321!
Welcome321@
Welcome321#
Welcome321$
Welcome321%
Welcome321^
Welcome321&
Welcome321*
<LOCATION>2018
<LOCATION>2019
<LOCATION>2020
<LOCATION>2021
<LOCATION>2022
<LOCATION>2023
<LOCATION>2018!
<LOCATION>2019!
<LOCATION>2020!
<LOCATION>2021!
<LOCATION>2022!
<LOCATION>2023!
<LOCATION>2018?
<LOCATION>2019?
<LOCATION>2020?
<LOCATION>2021?
<LOCATION>2022?
<LOCATION>2023?
<LOCATION>2018#
<LOCATION>2019#
<LOCATION>2020#
<LOCATION>2021#
<LOCATION>2022#
<LOCATION>2023#
<LOCATION>2018@
<LOCATION>2019@
<LOCATION>2020@
<LOCATION>2021@
<LOCATION>2022@
<LOCATION>2023@
<LOCATION>2018$
<LOCATION>2019$
<LOCATION>2020$
<LOCATION>2021$
<LOCATION>2022$
<LOCATION>2023$
<LOCATION>2018&
<LOCATION>2019&
<LOCATION>2020&
<LOCATION>2021&
<LOCATION>2022&
<LOCATION>2023&
<LOCATION>2018*
<LOCATION>2019*
<LOCATION>2020*
<LOCATION>2021*
<LOCATION>2022*
<LOCATION>2023*
<LOCATION>2018^
<LOCATION>2019^
<LOCATION>2020^
<LOCATION>2021^
<LOCATION>2022^
<LOCATION>2023^
<LOCATION>18
<LOCATION>19
<LOCATION>20
<LOCATION>21
<LOCATION>22
<LOCATION>23
<LOCATION>18!
<LOCATION>19!
<LOCATION>20!
<LOCATION>21!
<LOCATION>22!
<LOCATION>23!
<LOCATION>18?
<LOCATION>19?
<LOCATION>20?
<LOCATION>21?
<LOCATION>22?
<LOCATION>23?
<LOCATION>18#
<LOCATION>19#
<LOCATION>20#
<LOCATION>21#
<LOCATION>22#
<LOCATION>23#
<LOCATION>18@
<LOCATION>19@
<LOCATION>20@
<LOCATION>21@
<LOCATION>22@
<LOCATION>23@
<LOCATION>18$
<LOCATION>19$
<LOCATION>20$
<LOCATION>21$
<LOCATION>22$
<LOCATION>23$
<LOCATION>18&
<LOCATION>19&
<LOCATION>20&
<LOCATION>21&
<LOCATION>22&
<LOCATION>23&
<LOCATION>18*
<LOCATION>19*
<LOCATION>20*
<LOCATION>21*
<LOCATION>22*
<LOCATION>23*
<LOCATION>18^
<LOCATION>19^
<LOCATION>20^
<LOCATION>21^
<LOCATION>22^
<LOCATION>23^
<LOCATION>1
<LOCATION>1!
<LOCATION>1@
<LOCATION>1#
<LOCATION>1$
<LOCATION>1%
<LOCATION>1^
<LOCATION>1&
<LOCATION>1*
<LOCATION>2
<LOCATION>2!
<LOCATION>2@
<LOCATION>2#
<LOCATION>2$
<LOCATION>2%
<LOCATION>2^
<LOCATION>2&
<LOCATION>2*
<LOCATION>3
<LOCATION>3!
<LOCATION>3@
<LOCATION>3#
<LOCATION>3$
<LOCATION>3%
<LOCATION>3^
<LOCATION>3&
<LOCATION>3*
<LOCATION>4
<LOCATION>4!
<LOCATION>4@
<LOCATION>4#
<LOCATION>4$
<LOCATION>4%
<LOCATION>4^
<LOCATION>4&
<LOCATION>4*
<LOCATION>5
<LOCATION>5!
<LOCATION>5@
<LOCATION>5#
<LOCATION>5$
<LOCATION>5%
<LOCATION>5^
<LOCATION>5&
<LOCATION>5*
<LOCATION>6
<LOCATION>6!
<LOCATION>6@
<LOCATION>6#
<LOCATION>6$
<LOCATION>6%
<LOCATION>6^
<LOCATION>6&
<LOCATION>6*
<LOCATION>7
<LOCATION>7!
<LOCATION>7@
<LOCATION>7#
<LOCATION>7$
<LOCATION>7%
<LOCATION>7^
<LOCATION>7&
<LOCATION>7*
<LOCATION>8
<LOCATION>8!
<LOCATION>8@
<LOCATION>8#
<LOCATION>8$
<LOCATION>8%
<LOCATION>8^
<LOCATION>8&
<LOCATION>8*
<LOCATION>9
<LOCATION>9!
<LOCATION>9@
<LOCATION>9#
<LOCATION>9$
<LOCATION>9%
<LOCATION>9^
<LOCATION>9&
<LOCATION>9*
<LOCATION>0
<LOCATION>0!
<LOCATION>0@
<LOCATION>0#
<LOCATION>0$
<LOCATION>0%
<LOCATION>0^
<LOCATION>0&
<LOCATION>0*
<LOCATION>123
<LOCATION>123!
<LOCATION>123@
<LOCATION>123#
<LOCATION>123$
<LOCATION>123%
<LOCATION>123^
<LOCATION>123&
<LOCATION>123*
<LOCATION>321
<LOCATION>321!
<LOCATION>321@
<LOCATION>321#
<LOCATION>321$
<LOCATION>321%
<LOCATION>321^
<LOCATION>321&
<LOCATION>321*
<ADDRESS>2018
<ADDRESS>2019
<ADDRESS>2020
<ADDRESS>2021
<ADDRESS>2022
<ADDRESS>2023
<ADDRESS>2018!
<ADDRESS>2019!
<ADDRESS>2020!
<ADDRESS>2021!
<ADDRESS>2022!
<ADDRESS>2023!
<ADDRESS>2018?
<ADDRESS>2019?
<ADDRESS>2020?
<ADDRESS>2021?
<ADDRESS>2022?
<ADDRESS>2023?
<ADDRESS>2018#
<ADDRESS>2019#
<ADDRESS>2020#
<ADDRESS>2021#
<ADDRESS>2022#
<ADDRESS>2023#
<ADDRESS>2018@
<ADDRESS>2019@
<ADDRESS>2020@
<ADDRESS>2021@
<ADDRESS>2022@
<ADDRESS>2023@
<ADDRESS>2018$
<ADDRESS>2019$
<ADDRESS>2020$
<ADDRESS>2021$
<ADDRESS>2022$
<ADDRESS>2023$
<ADDRESS>2018&
<ADDRESS>2019&
<ADDRESS>2020&
<ADDRESS>2021&
<ADDRESS>2022&
<ADDRESS>2023&
<ADDRESS>2018*
<ADDRESS>2019*
<ADDRESS>2020*
<ADDRESS>2021*
<ADDRESS>2022*
<ADDRESS>2023*
<ADDRESS>2018^
<ADDRESS>2019^
<ADDRESS>2020^
<ADDRESS>2021^
<ADDRESS>2022^
<ADDRESS>2023^
<ADDRESS>18
<ADDRESS>19
<ADDRESS>20
<ADDRESS>21
<ADDRESS>22
<ADDRESS>23
<ADDRESS>18!
<ADDRESS>19!
<ADDRESS>20!
<ADDRESS>21!
<ADDRESS>22!
<ADDRESS>23!
<ADDRESS>18?
<ADDRESS>19?
<ADDRESS>20?
<ADDRESS>21?
<ADDRESS>22?
<ADDRESS>23?
<ADDRESS>18#
<ADDRESS>19#
<ADDRESS>20#
<ADDRESS>21#
<ADDRESS>22#
<ADDRESS>23#
<ADDRESS>18@
<ADDRESS>19@
<ADDRESS>20@
<ADDRESS>21@
<ADDRESS>22@
<ADDRESS>23@
<ADDRESS>18$
<ADDRESS>19$
<ADDRESS>20$
<ADDRESS>21$
<ADDRESS>22$
<ADDRESS>23$
<ADDRESS>18&
<ADDRESS>19&
<ADDRESS>20&
<ADDRESS>21&
<ADDRESS>22&
<ADDRESS>23&
<ADDRESS>18*
<ADDRESS>19*
<ADDRESS>20*
<ADDRESS>21*
<ADDRESS>22*
<ADDRESS>23*
<ADDRESS>18^
<ADDRESS>19^
<ADDRESS>20^
<ADDRESS>21^
<ADDRESS>22^
<ADDRESS>23^
<ADDRESS>1
<ADDRESS>1!
<ADDRESS>1@
<ADDRESS>1#
<ADDRESS>1$
<ADDRESS>1%
<ADDRESS>1^
<ADDRESS>1&
<ADDRESS>1*
<ADDRESS>2
<ADDRESS>2!
<ADDRESS>2@
<ADDRESS>2#
<ADDRESS>2$
<ADDRESS>2%
<ADDRESS>2^
<ADDRESS>2&
<ADDRESS>2*
<ADDRESS>3
<ADDRESS>3!
<ADDRESS>3@
<ADDRESS>3#
<ADDRESS>3$
<ADDRESS>3%
<ADDRESS>3^
<ADDRESS>3&
<ADDRESS>3*
<ADDRESS>4
<ADDRESS>4!
<ADDRESS>4@
<ADDRESS>4#
<ADDRESS>4$
<ADDRESS>4%
<ADDRESS>4^
<ADDRESS>4&
<ADDRESS>4*
<ADDRESS>5
<ADDRESS>5!
<ADDRESS>5@
<ADDRESS>5#
<ADDRESS>5$
<ADDRESS>5%
<ADDRESS>5^
<ADDRESS>5&
<ADDRESS>5*
<ADDRESS>6
<ADDRESS>6!
<ADDRESS>6@
<ADDRESS>6#
<ADDRESS>6$
<ADDRESS>6%
<ADDRESS>6^
<ADDRESS>6&
<ADDRESS>6*
<ADDRESS>7
<ADDRESS>7!
<ADDRESS>7@
<ADDRESS>7#
<ADDRESS>7$
<ADDRESS>7%
<ADDRESS>7^
<ADDRESS>7&
<ADDRESS>7*
<ADDRESS>8
<ADDRESS>8!
<ADDRESS>8@
<ADDRESS>8#
<ADDRESS>8$
<ADDRESS>8%
<ADDRESS>8^
<ADDRESS>8&
<ADDRESS>8*
<ADDRESS>9
<ADDRESS>9!
<ADDRESS>9@
<ADDRESS>9#
<ADDRESS>9$
<ADDRESS>9%
<ADDRESS>9^
<ADDRESS>9&
<ADDRESS>9*
<ADDRESS>0
<ADDRESS>0!
<ADDRESS>0@
<ADDRESS>0#
<ADDRESS>0$
<ADDRESS>0%
<ADDRESS>0^
<ADDRESS>0&
<ADDRESS>0*
<ADDRESS>123
<ADDRESS>123!
<ADDRESS>123@
<ADDRESS>123#
<ADDRESS>123$
<ADDRESS>123%
<ADDRESS>123^
<ADDRESS>123&
<ADDRESS>123*
<ADDRESS>321
<ADDRESS>321!
<ADDRESS>321@
<ADDRESS>321#
<ADDRESS>321$
<ADDRESS>321%
<ADDRESS>321^
<ADDRESS>321&
<ADDRESS>321*
<SPORTS_TEAM/HOBBY>2018
<SPORTS_TEAM/HOBBY>2019
<SPORTS_TEAM/HOBBY>2020
<SPORTS_TEAM/HOBBY>2021
<SPORTS_TEAM/HOBBY>2022
<SPORTS_TEAM/HOBBY>2023
<SPORTS_TEAM/HOBBY>2018!
<SPORTS_TEAM/HOBBY>2019!
<SPORTS_TEAM/HOBBY>2020!
<SPORTS_TEAM/HOBBY>2021!
<SPORTS_TEAM/HOBBY>2022!
<SPORTS_TEAM/HOBBY>2023!
<SPORTS_TEAM/HOBBY>2018?
<SPORTS_TEAM/HOBBY>2019?
<SPORTS_TEAM/HOBBY>2020?
<SPORTS_TEAM/HOBBY>2021?
<SPORTS_TEAM/HOBBY>2022?
<SPORTS_TEAM/HOBBY>2023?
<SPORTS_TEAM/HOBBY>2018#
<SPORTS_TEAM/HOBBY>2019#
<SPORTS_TEAM/HOBBY>2020#
<SPORTS_TEAM/HOBBY>2021#
<SPORTS_TEAM/HOBBY>2022#
<SPORTS_TEAM/HOBBY>2023#
<SPORTS_TEAM/HOBBY>2018@
<SPORTS_TEAM/HOBBY>2019@
<SPORTS_TEAM/HOBBY>2020@
<SPORTS_TEAM/HOBBY>2021@
<SPORTS_TEAM/HOBBY>2022@
<SPORTS_TEAM/HOBBY>2023@
<SPORTS_TEAM/HOBBY>2018$
<SPORTS_TEAM/HOBBY>2019$
<SPORTS_TEAM/HOBBY>2020$
<SPORTS_TEAM/HOBBY>2021$
<SPORTS_TEAM/HOBBY>2022$
<SPORTS_TEAM/HOBBY>2023$
<SPORTS_TEAM/HOBBY>2018&
<SPORTS_TEAM/HOBBY>2019&
<SPORTS_TEAM/HOBBY>2020&
<SPORTS_TEAM/HOBBY>2021&
<SPORTS_TEAM/HOBBY>2022&
<SPORTS_TEAM/HOBBY>2023&
<SPORTS_TEAM/HOBBY>2018*
<SPORTS_TEAM/HOBBY>2019*
<SPORTS_TEAM/HOBBY>2020*
<SPORTS_TEAM/HOBBY>2021*
<SPORTS_TEAM/HOBBY>2022*
<SPORTS_TEAM/HOBBY>2023*
<SPORTS_TEAM/HOBBY>2018^
<SPORTS_TEAM/HOBBY>2019^
<SPORTS_TEAM/HOBBY>2020^
<SPORTS_TEAM/HOBBY>2021^
<SPORTS_TEAM/HOBBY>2022^
<SPORTS_TEAM/HOBBY>2023^
<SPORTS_TEAM/HOBBY>18
<SPORTS_TEAM/HOBBY>19
<SPORTS_TEAM/HOBBY>20
<SPORTS_TEAM/HOBBY>21
<SPORTS_TEAM/HOBBY>22
<SPORTS_TEAM/HOBBY>23
<SPORTS_TEAM/HOBBY>18!
<SPORTS_TEAM/HOBBY>19!
<SPORTS_TEAM/HOBBY>20!
<SPORTS_TEAM/HOBBY>21!
<SPORTS_TEAM/HOBBY>22!
<SPORTS_TEAM/HOBBY>23!
<SPORTS_TEAM/HOBBY>18?
<SPORTS_TEAM/HOBBY>19?
<SPORTS_TEAM/HOBBY>20?
<SPORTS_TEAM/HOBBY>21?
<SPORTS_TEAM/HOBBY>22?
<SPORTS_TEAM/HOBBY>23?
<SPORTS_TEAM/HOBBY>18#
<SPORTS_TEAM/HOBBY>19#
<SPORTS_TEAM/HOBBY>20#
<SPORTS_TEAM/HOBBY>21#
<SPORTS_TEAM/HOBBY>22#
<SPORTS_TEAM/HOBBY>23#
<SPORTS_TEAM/HOBBY>18@
<SPORTS_TEAM/HOBBY>19@
<SPORTS_TEAM/HOBBY>20@
<SPORTS_TEAM/HOBBY>21@
<SPORTS_TEAM/HOBBY>22@
<SPORTS_TEAM/HOBBY>23@
<SPORTS_TEAM/HOBBY>18$
<SPORTS_TEAM/HOBBY>19$
<SPORTS_TEAM/HOBBY>20$
<SPORTS_TEAM/HOBBY>21$
<SPORTS_TEAM/HOBBY>22$
<SPORTS_TEAM/HOBBY>23$
<SPORTS_TEAM/HOBBY>18&
<SPORTS_TEAM/HOBBY>19&
<SPORTS_TEAM/HOBBY>20&
<SPORTS_TEAM/HOBBY>21&
<SPORTS_TEAM/HOBBY>22&
<SPORTS_TEAM/HOBBY>23&
<SPORTS_TEAM/HOBBY>18*
<SPORTS_TEAM/HOBBY>19*
<SPORTS_TEAM/HOBBY>20*
<SPORTS_TEAM/HOBBY>21*
<SPORTS_TEAM/HOBBY>22*
<SPORTS_TEAM/HOBBY>23*
<SPORTS_TEAM/HOBBY>18^
<SPORTS_TEAM/HOBBY>19^
<SPORTS_TEAM/HOBBY>20^
<SPORTS_TEAM/HOBBY>21^
<SPORTS_TEAM/HOBBY>22^
<SPORTS_TEAM/HOBBY>23^
<SPORTS_TEAM/HOBBY>1
<SPORTS_TEAM/HOBBY>1!
<SPORTS_TEAM/HOBBY>1@
<SPORTS_TEAM/HOBBY>1#
<SPORTS_TEAM/HOBBY>1$
<SPORTS_TEAM/HOBBY>1%
<SPORTS_TEAM/HOBBY>1^
<SPORTS_TEAM/HOBBY>1&
<SPORTS_TEAM/HOBBY>1*
<SPORTS_TEAM/HOBBY>2
<SPORTS_TEAM/HOBBY>2!
<SPORTS_TEAM/HOBBY>2@
<SPORTS_TEAM/HOBBY>2#
<SPORTS_TEAM/HOBBY>2$
<SPORTS_TEAM/HOBBY>2%
<SPORTS_TEAM/HOBBY>2^
<SPORTS_TEAM/HOBBY>2&
<SPORTS_TEAM/HOBBY>2*
<SPORTS_TEAM/HOBBY>3
<SPORTS_TEAM/HOBBY>3!
<SPORTS_TEAM/HOBBY>3@
<SPORTS_TEAM/HOBBY>3#
<SPORTS_TEAM/HOBBY>3$
<SPORTS_TEAM/HOBBY>3%
<SPORTS_TEAM/HOBBY>3^
<SPORTS_TEAM/HOBBY>3&
<SPORTS_TEAM/HOBBY>3*
<SPORTS_TEAM/HOBBY>4
<SPORTS_TEAM/HOBBY>4!
<SPORTS_TEAM/HOBBY>4@
<SPORTS_TEAM/HOBBY>4#
<SPORTS_TEAM/HOBBY>4$
<SPORTS_TEAM/HOBBY>4%
<SPORTS_TEAM/HOBBY>4^
<SPORTS_TEAM/HOBBY>4&
<SPORTS_TEAM/HOBBY>4*
<SPORTS_TEAM/HOBBY>5
<SPORTS_TEAM/HOBBY>5!
<SPORTS_TEAM/HOBBY>5@
<SPORTS_TEAM/HOBBY>5#
<SPORTS_TEAM/HOBBY>5$
<SPORTS_TEAM/HOBBY>5%
<SPORTS_TEAM/HOBBY>5^
<SPORTS_TEAM/HOBBY>5&
<SPORTS_TEAM/HOBBY>5*
<SPORTS_TEAM/HOBBY>6
<SPORTS_TEAM/HOBBY>6!
<SPORTS_TEAM/HOBBY>6@
<SPORTS_TEAM/HOBBY>6#
<SPORTS_TEAM/HOBBY>6$
<SPORTS_TEAM/HOBBY>6%
<SPORTS_TEAM/HOBBY>6^
<SPORTS_TEAM/HOBBY>6&
<SPORTS_TEAM/HOBBY>6*
<SPORTS_TEAM/HOBBY>7
<SPORTS_TEAM/HOBBY>7!
<SPORTS_TEAM/HOBBY>7@
<SPORTS_TEAM/HOBBY>7#
<SPORTS_TEAM/HOBBY>7$
<SPORTS_TEAM/HOBBY>7%
<SPORTS_TEAM/HOBBY>7^
<SPORTS_TEAM/HOBBY>7&
<SPORTS_TEAM/HOBBY>7*
<SPORTS_TEAM/HOBBY>8
<SPORTS_TEAM/HOBBY>8!
<SPORTS_TEAM/HOBBY>8@
<SPORTS_TEAM/HOBBY>8#
<SPORTS_TEAM/HOBBY>8$
<SPORTS_TEAM/HOBBY>8%
<SPORTS_TEAM/HOBBY>8^
<SPORTS_TEAM/HOBBY>8&
<SPORTS_TEAM/HOBBY>8*
<SPORTS_TEAM/HOBBY>9
<SPORTS_TEAM/HOBBY>9!
<SPORTS_TEAM/HOBBY>9@
<SPORTS_TEAM/HOBBY>9#
<SPORTS_TEAM/HOBBY>9$
<SPORTS_TEAM/HOBBY>9%
<SPORTS_TEAM/HOBBY>9^
<SPORTS_TEAM/HOBBY>9&
<SPORTS_TEAM/HOBBY>9*
<SPORTS_TEAM/HOBBY>0
<SPORTS_TEAM/HOBBY>0!
<SPORTS_TEAM/HOBBY>0@
<SPORTS_TEAM/HOBBY>0#
<SPORTS_TEAM/HOBBY>0$
<SPORTS_TEAM/HOBBY>0%
<SPORTS_TEAM/HOBBY>0^
<SPORTS_TEAM/HOBBY>0&
<SPORTS_TEAM/HOBBY>0*
<SPORTS_TEAM/HOBBY>123
<SPORTS_TEAM/HOBBY>123!
<SPORTS_TEAM/HOBBY>123@
<SPORTS_TEAM/HOBBY>123#
<SPORTS_TEAM/HOBBY>123$
<SPORTS_TEAM/HOBBY>123%
<SPORTS_TEAM/HOBBY>123^
<SPORTS_TEAM/HOBBY>123&
<SPORTS_TEAM/HOBBY>123*
<SPORTS_TEAM/HOBBY>321
<SPORTS_TEAM/HOBBY>321!
<SPORTS_TEAM/HOBBY>321@
<SPORTS_TEAM/HOBBY>321#
<SPORTS_TEAM/HOBBY>321$
<SPORTS_TEAM/HOBBY>321%
<SPORTS_TEAM/HOBBY>321^
<SPORTS_TEAM/HOBBY>321&
<SPORTS_TEAM/HOBBY>321*